src/app/dashboard/page.tsx(35,8): error TS2307: Cannot find module '@/lib/portfolio' or its corresponding type declarations.
src/app/dashboard/page.tsx(36,31): error TS2307: Cannot find module '@/components/layout/PageContainer' or its corresponding type declarations.
src/app/dashboard/page.tsx(102,27): error TS2307: Cannot find module '@/store/store' or its corresponding type declarations.
src/app/dashboard/page.tsx(103,27): error TS2307: Cannot find module '@/store/goalsSlice' or its corresponding type declarations.
